../Drivers/CMSIS/Include/core_cm7.h:2464:22:SCB_InvalidateDCache_by_Addr	32	static,ignoring_inline_asm
../LWIP/Target/ethernetif.c:162:6:HAL_ETH_RxCpltCallback	16	static
../LWIP/Target/ethernetif.c:171:6:HAL_ETH_TxCpltCallback	16	static
../LWIP/Target/ethernetif.c:180:6:HAL_ETH_ErrorCallback	16	static
../LWIP/Target/ethernetif.c:202:13:low_level_init	224	static
../LWIP/Target/ethernetif.c:384:14:low_level_output	80	static
../LWIP/Target/ethernetif.c:456:22:low_level_input	24	static
../LWIP/Target/ethernetif.c:477:13:ethernetif_input	24	static
../LWIP/Target/ethernetif.c:534:7:ethernetif_init	16	static
../LWIP/Target/ethernetif.c:585:6:pbuf_free_custom	24	static
../LWIP/Target/ethernetif.c:608:7:sys_now	8	static
../LWIP/Target/ethernetif.c:621:6:HAL_ETH_MspInit	64	static
../LWIP/Target/ethernetif.c:684:6:HAL_ETH_MspDeInit	16	static
../LWIP/Target/ethernetif.c:730:9:ETH_PHY_IO_Init	8	static
../LWIP/Target/ethernetif.c:747:9:ETH_PHY_IO_DeInit	4	static
../LWIP/Target/ethernetif.c:759:9:ETH_PHY_IO_ReadReg	24	static
../LWIP/Target/ethernetif.c:776:9:ETH_PHY_IO_WriteReg	24	static
../LWIP/Target/ethernetif.c:790:9:ETH_PHY_IO_GetTick	8	static
../LWIP/Target/ethernetif.c:800:6:ethernet_link_thread	136	static
../LWIP/Target/ethernetif.c:870:6:HAL_ETH_RxAllocateCallback	32	static
../LWIP/Target/ethernetif.c:892:6:HAL_ETH_RxLinkCallback	40	static
../LWIP/Target/ethernetif.c:932:6:HAL_ETH_TxFreeCallback	16	static
../LWIP/Target/ethernetif.c:945:6:RMII_Thread	16	static
