../Core/Inc/functionMath.h:15:21:map	1
../Core/Src/main.c:143:6:MX_AppInit	1
../Core/Src/main.c:157:10:Read_ADC	1
../Core/Src/main.c:166:10:micros	1
../Core/Src/main.c:171:6:SeqLogger_Process	2
../Core/Src/main.c:187:5:main	1
../Core/Src/main.c:311:6:SystemClock_Config	4
../Core/Src/main.c:366:13:MX_ADC1_Init	3
../Core/Src/main.c:418:13:MX_I2C1_Init	4
../Core/Src/main.c:466:13:MX_TIM1_Init	5
../Core/Src/main.c:536:13:MX_TIM2_Init	3
../Core/Src/main.c:585:13:MX_TIM3_Init	6
../Core/Src/main.c:650:13:MX_TIM5_Init	4
../Core/Src/main.c:695:13:MX_UART4_Init	2
../Core/Src/main.c:730:13:MX_GPIO_Init	1
../Core/Src/main.c:808:6:COM_init	1
../Core/Src/main.c:857:6:motor_init	1
../Core/Src/main.c:880:6:steering_init	1
../Core/Src/main.c:900:6:setPointTask_init	1
../Core/Src/main.c:923:6:GPIO_init	1
../Core/Src/main.c:947:6:TCS_init	1
../Core/Src/main.c:972:6:dataLogger_init	1
../Core/Src/main.c:1005:6:HAL_TIM_PeriodElapsedCallback	2
../Core/Src/main.c:1023:6:Error_Handler	1
