../Core/Inc/functionMath.h:15:21:map	32	static
../Core/Src/main.c:143:6:MX_AppInit	8	static
../Core/Src/main.c:157:10:Read_ADC	16	static
../Core/Src/main.c:166:10:micros	4	static
../Core/Src/main.c:171:6:SeqLogger_Process	8	static
../Core/Src/main.c:187:5:main	216	static
../Core/Src/main.c:309:6:SystemClock_Config	88	static
../Core/Src/main.c:364:13:MX_ADC1_Init	24	static
../Core/Src/main.c:416:13:MX_I2C1_Init	8	static
../Core/Src/main.c:464:13:MX_TIM1_Init	96	static
../Core/Src/main.c:534:13:MX_TIM2_Init	56	static
../Core/Src/main.c:583:13:MX_TIM3_Init	64	static
../Core/Src/main.c:648:13:MX_TIM5_Init	40	static
../Core/Src/main.c:693:13:MX_UART4_Init	8	static
../Core/Src/main.c:728:13:MX_GPIO_Init	56	static
../Core/Src/main.c:806:6:COM_init	56	static
../Core/Src/main.c:856:6:motor_init	16	static
../Core/Src/main.c:880:6:steering_init	24	static
../Core/Src/main.c:909:6:setPointTask_init	16	static
../Core/Src/main.c:932:6:GPIO_init	16	static
../Core/Src/main.c:956:6:TCS_init	16	static
../Core/Src/main.c:981:6:dataLogger_init	16	static
../Core/Src/main.c:1014:6:HAL_TIM_PeriodElapsedCallback	16	static
../Core/Src/main.c:1032:6:Error_Handler	4	static,ignoring_inline_asm
