../Core/Inc/functionMath.h:15:21:map	32	static
../Core/Inc/functionMath.h:20:21:saturate	24	static
../Core/Inc/functionMath.h:27:21:rad2deg	16	static
../Core/Src/stepper_drv8825.c:29:13:Stepper_SetDirection	16	static
../Core/Src/stepper_drv8825.c:41:7:Steering_cmd	16	static
../Core/Src/stepper_drv8825.c:49:6:Stepper_Init	16	static
../Core/Src/stepper_drv8825.c:64:6:Stepper_SetSetpoint	24	static
../Core/Src/stepper_drv8825.c:73:9:positionSensor	4	static
../Core/Src/stepper_drv8825.c:79:6:Stepper_ControlUpdate	32	static
../Core/Src/stepper_drv8825.c:163:7:stepperQtGetActualAngle	8	static
../Core/Src/stepper_drv8825.c:186:6:stepperRunQt	40	static
../Core/Src/stepper_drv8825.c:266:6:Stepper_TimerCallback	16	static
